log stdout 
log timestamp precision 3
hostname hostname
ip nht resolve-via-default
ipv6 nht resolve-via-default
vrf red
  vni 100
exit-vrf

route-map allowall permit 1
router bgp 64512
  no bgp ebgp-requires-policy
  no bgp network import-check
  no bgp default ipv4-unicast
  bgp router-id 10.0.0.1
  neighbor 2001:db8::2 remote-as 64513
  
  
  
  neighbor 2001:db8::2 disable-connected-check

  address-family ipv6 unicast
    neighbor 2001:db8::2 activate
    neighbor 2001:db8::2 allowas-in
  exit-address-family
  address-family ipv4 unicast
    network 100.64.0.1/32
  exit-address-family

  address-family l2vpn evpn
    neighbor 2001:db8::2 activate
    neighbor 2001:db8::2 allowas-in
    advertise-all-vni
    advertise-svi-ip
  exit-address-family
exit
!
router bgp 64512 vrf red
  no bgp ebgp-requires-policy
  no bgp network import-check
  no bgp default ipv4-unicast
  bgp router-id 10.0.0.1
  
  neighbor 2001:db8::2 remote-as 64513

  address-family ipv4 unicast
    neighbor 2001:db8::2 activate
    neighbor 2001:db8::2 route-map allowall in
    neighbor 2001:db8::2 route-map allowall out
  exit-address-family

  address-family ipv6 unicast
    network 2001:db8::2/64
    neighbor 2001:db8::2 activate
    neighbor 2001:db8::2 route-map allowall in
    neighbor 2001:db8::2 route-map allowall out
  exit-address-family

  address-family l2vpn evpn
    advertise ipv4 unicast
    advertise ipv6 unicast
    route-target export 65000:1000
    route-target import 65000:1000
  exit-address-family
exit
