log stdout 
log timestamp precision 3
hostname hostname
ip nht resolve-via-default
ipv6 nht resolve-via-default

route-map allowall permit 1
router bgp 64512
  no bgp ebgp-requires-policy
  no bgp network import-check
  no bgp default ipv4-unicast
  bgp router-id 10.0.0.1
  neighbor 192.168.1.2 remote-as 64513
  
  
  

  address-family ipv4 unicast
    neighbor 192.168.1.2 activate
    neighbor 192.168.1.2 allowas-in
  exit-address-family
exit
!
ip prefix-list raw-low seq 10 permit 10.0.0.0/8
ip prefix-list raw-high seq 10 permit 10.1.0.0/16
